// Jest Snapshot v1, https://goo.gl/fbAQLP

exports[`Comment Component testing #### validates snapshot of a Comment 1`] = `
<Comment
  data={
    Object {
      "author": "thingtwo",
      "body": "Hi there! I am a COMMENT.",
      "deleted": false,
      "id": "894tuq4ut84ut8v4t8wun89g",
      "parentDeleted": false,
      "parentId": "8xf0y6ziyjabvozdd253nd",
      "timestamp": 1468166872634,
      "voteScore": 6,
    }
  }
  deleteContent={[Function]}
  editComment={[Function]}
  vote={[Function]}
>
  <Segment>
    <div
      className="ui segment"
    >
      <Grid>
        <div
          className="ui grid"
        >
          <GridRow>
            <div
              className="row"
            >
              <GridColumn
                width={15}
              >
                <div
                  className="fifteen wide column"
                >
                  <span
                    className="comment-user"
                  >
                    thingtwo
                  </span>
                  <span
                    className="comment-date"
                  >
                    2016-07-10 13:07:52
                  </span>
                </div>
              </GridColumn>
              <GridColumn
                width={1}
              >
                <div
                  className="one wide column"
                >
                  <ButtonGroup
                    basic={true}
                    floated="right"
                    size="mini"
                  >
                    <div
                      className="ui mini basic right floated buttons"
                    >
                      <Button
                        as="button"
                        compact={true}
                        icon="write"
                        onClick={[Function]}
                      >
                        <button
                          className="ui compact icon button"
                          disabled={undefined}
                          onClick={[Function]}
                          role="button"
                          tabIndex={undefined}
                        >
                          <Icon
                            as="i"
                            key="write"
                            name="write"
                          >
                            <i
                              aria-hidden="true"
                              className="write icon"
                            />
                          </Icon>
                        </button>
                      </Button>
                      <Button
                        as="button"
                        compact={true}
                        icon="trash"
                        onClick={[Function]}
                      >
                        <button
                          className="ui compact icon button"
                          disabled={undefined}
                          onClick={[Function]}
                          role="button"
                          tabIndex={undefined}
                        >
                          <Icon
                            as="i"
                            key="trash"
                            name="trash"
                          >
                            <i
                              aria-hidden="true"
                              className="trash icon"
                            />
                          </Icon>
                        </button>
                      </Button>
                    </div>
                  </ButtonGroup>
                </div>
              </GridColumn>
            </div>
          </GridRow>
          <GridRow
            className="comment-content"
          >
            <div
              className="row comment-content"
            >
              <GridColumn>
                <div
                  className="column"
                >
                  Hi there! I am a COMMENT.
                </div>
              </GridColumn>
            </div>
          </GridRow>
          <GridRow
            className="comment-content"
          >
            <div
              className="row comment-content"
            >
              <GridColumn>
                <div
                  className="column"
                >
                  <Button
                    as="button"
                    basic={true}
                    compact={true}
                    icon="arrow up"
                    onClick={[Function]}
                    size="mini"
                    style={
                      Object {
                        "marginRight": "0px",
                      }
                    }
                  >
                    <button
                      className="ui mini basic compact icon button"
                      disabled={undefined}
                      onClick={[Function]}
                      role="button"
                      style={
                        Object {
                          "marginRight": "0px",
                        }
                      }
                      tabIndex={undefined}
                    >
                      <Icon
                        as="i"
                        key="arrow up"
                        name="arrow up"
                      >
                        <i
                          aria-hidden="true"
                          className="arrow up icon"
                        />
                      </Icon>
                    </button>
                  </Button>
                  <span
                    className="comment-score"
                  >
                    6
                  </span>
                  <Button
                    as="button"
                    basic={true}
                    compact={true}
                    icon="arrow down"
                    onClick={[Function]}
                    size="mini"
                  >
                    <button
                      className="ui mini basic compact icon button"
                      disabled={undefined}
                      onClick={[Function]}
                      role="button"
                      tabIndex={undefined}
                    >
                      <Icon
                        as="i"
                        key="arrow down"
                        name="arrow down"
                      >
                        <i
                          aria-hidden="true"
                          className="arrow down icon"
                        />
                      </Icon>
                    </button>
                  </Button>
                </div>
              </GridColumn>
            </div>
          </GridRow>
        </div>
      </Grid>
    </div>
  </Segment>
</Comment>
`;
